// Jest Snapshot v1, https://goo.gl/fbAQLP

exports[`test <GifGridItem /> should mount <GifGridItem /> 1`] = `
<div
  className="card animate__animated animate__fadeInDown"
>
  <img
    alt="Titulo"
    loading="lazy"
    src="https://localhost/image.png"
  />
  <p>
    Titulo
  </p>
</div>
`;
