// Jest Snapshot v1, https://goo.gl/fbAQLP

exports[`test <GifGrid /> should mount <GifGrid /> 1`] = `
<Fragment>
  <h3>
     
    Haikyuu
     
  </h3>
  <p
    className="animate__animated animate__flash"
  >
    Loading...
  </p>
  <div
    className="card-grid"
  />
</Fragment>
`;
